******************************************************************************
             TMS320C2000 Linker PC v22.6.1                     
******************************************************************************
>> Linked Fri Jan 16 21:10:35 2026

OUTPUT FILE NAME:   <SPI_RFID_RC522.out>
ENTRY POINT SYMBOL: "_c_int00"  address: 003f7a19


MEMORY CONFIGURATION

         name            origin    length      used     unused   attr    fill
----------------------  --------  ---------  --------  --------  ----  --------
PAGE 0:
  RAMM0                 00000050   000003b0  00000004  000003ac  RWIX
  OTP                   003d7800   00000400  00000000  00000400  RWIX
  FLASHB                003f6000   00001000  00000000  00001000  RWIX
  FLASHA                003f7000   00000f80  00000ddd  000001a3  RWIX
  CSM_RSVD              003f7f80   00000076  00000000  00000076  RWIX
  BEGIN                 003f7ff6   00000002  00000002  00000000  RWIX
  CSM_PWL_P0            003f7ff8   00000008  00000000  00000008  RWIX
  IQTABLES              003fe000   00000b50  00000000  00000b50  RWIX
  IQTABLES2             003feb50   0000008c  00000000  0000008c  RWIX
  IQTABLES3             003febdc   000000aa  00000000  000000aa  RWIX
  ROM                   003ff27c   00000d44  00000000  00000d44  RWIX
  RESET                 003fffc0   00000002  00000000  00000002  RWIX
  VECTORS               003fffc2   0000003e  00000000  0000003e  RWIX

PAGE 1:
  BOOT_RSVD             00000000   00000050  00000000  00000050  RWIX
  RAMM1                 00000400   00000400  0000032c  000000d4  RWIX
  DEV_EMU               00000880   00000105  00000004  00000101  RWIX
  SYS_PWR_CTL           00000985   00000003  00000003  00000000  RWIX
  FLASH_REGS            00000a80   00000060  00000008  00000058  RWIX
  CSM                   00000ae0   00000010  00000010  00000000  RWIX
  ADC_RESULT            00000b00   00000020  00000020  00000000  RWIX
  CPU_TIMER0            00000c00   00000008  00000008  00000000  RWIX
  CPU_TIMER1            00000c08   00000008  00000008  00000000  RWIX
  CPU_TIMER2            00000c10   00000008  00000008  00000000  RWIX
  PIE_CTRL              00000ce0   00000020  0000001a  00000006  RWIX
  PIE_VECT              00000d00   00000100  00000100  00000000  RWIX
  COMP1                 00006400   00000020  00000020  00000000  RWIX
  COMP2                 00006420   00000020  00000020  00000000  RWIX
  EPWM1                 00006800   00000040  00000040  00000000  RWIX
  EPWM2                 00006840   00000040  00000040  00000000  RWIX
  EPWM3                 00006880   00000040  00000040  00000000  RWIX
  EPWM4                 000068c0   00000040  00000040  00000000  RWIX
  ECAP1                 00006a00   00000020  00000020  00000000  RWIX
  GPIOCTRL              00006f80   00000040  00000040  00000000  RWIX
  GPIODAT               00006fc0   00000020  00000020  00000000  RWIX
  GPIOINT               00006fe0   00000020  0000000a  00000016  RWIX
  SYSTEM                00007010   00000020  0000001f  00000001  RWIX
  SPIA                  00007040   00000010  00000010  00000000  RWIX
  SCIA                  00007050   00000010  00000010  00000000  RWIX
  NMIINTRUPT            00007060   00000010  00000010  00000000  RWIX
  XINTRUPT              00007070   00000010  00000010  00000000  RWIX
  ADC                   00007100   00000080  00000051  0000002f  RWIX
  I2CA                  00007900   00000040  00000022  0000001e  RWIX
  RAML0                 00008000   00000400  00000400  00000000  RWIX
  PARTID                003d7fff   00000001  00000001  00000000  RWIX
  CSM_PWL               003f7ff8   00000008  00000008  00000000  RWIX


SECTION ALLOCATION MAP

 output                                  attributes/
section   page    origin      length       input sections
--------  ----  ----------  ----------   ----------------
ramfuncs   0    003f7000    00000004     RUN ADDR = 00000050
                  003f7000    00000004     f2802x_usdelay.obj (ramfuncs)

.econst    0    003f7bc2    000001fd     
                  003f7bc2    00000100     f2802x_pievect.obj (.econst:_PieVectTableInit)
                  003f7cc2    000000f9     main.obj (.econst:.string)
                  003f7dbb    00000001     --HOLE-- [fill = 0]
                  003f7dbc    00000003     sci_comm.obj (.econst:.string)

.cinit     0    003f7dbf    0000001e     
                  003f7dbf    0000000e     rts2800_ml.lib : exit.c.obj (.cinit)
                  003f7dcd    00000005                    : _lock.c.obj (.cinit:__lock)
                  003f7dd2    00000005                    : _lock.c.obj (.cinit:__unlock)
                  003f7dd7    00000004                    : memory.c.obj (.cinit)
                  003f7ddb    00000002     --HOLE-- [fill = 0]

codestart 
*          0    003f7ff6    00000002     
                  003f7ff6    00000002     f2802x_codestartbranch.obj (codestart)

DevEmuRegsFile 
*          1    00000880    00000004     UNINITIALIZED
                  00000880    00000004     F2802x_GlobalVariableDefs.obj (DevEmuRegsFile)

SysPwrCtrlRegsFile 
*          1    00000985    00000003     UNINITIALIZED
                  00000985    00000003     F2802x_GlobalVariableDefs.obj (SysPwrCtrlRegsFile)

FlashRegsFile 
*          1    00000a80    00000008     UNINITIALIZED
                  00000a80    00000008     F2802x_GlobalVariableDefs.obj (FlashRegsFile)

CsmRegsFile 
*          1    00000ae0    00000010     UNINITIALIZED
                  00000ae0    00000010     F2802x_GlobalVariableDefs.obj (CsmRegsFile)

AdcResultFile 
*          1    00000b00    00000020     UNINITIALIZED
                  00000b00    00000020     F2802x_GlobalVariableDefs.obj (AdcResultFile)

CpuTimer0RegsFile 
*          1    00000c00    00000008     UNINITIALIZED
                  00000c00    00000008     F2802x_GlobalVariableDefs.obj (CpuTimer0RegsFile)

CpuTimer1RegsFile 
*          1    00000c08    00000008     UNINITIALIZED
                  00000c08    00000008     F2802x_GlobalVariableDefs.obj (CpuTimer1RegsFile)

CpuTimer2RegsFile 
*          1    00000c10    00000008     UNINITIALIZED
                  00000c10    00000008     F2802x_GlobalVariableDefs.obj (CpuTimer2RegsFile)

PieCtrlRegsFile 
*          1    00000ce0    0000001a     UNINITIALIZED
                  00000ce0    0000001a     F2802x_GlobalVariableDefs.obj (PieCtrlRegsFile)

PieVectTableFile 
*          1    00000d00    00000100     UNINITIALIZED
                  00000d00    00000100     F2802x_GlobalVariableDefs.obj (PieVectTableFile)

EmuKeyVar 
*          1    00000d00    00000001     UNINITIALIZED
                  00000d00    00000001     F2802x_GlobalVariableDefs.obj (EmuKeyVar)

EmuBModeVar 
*          1    00000d01    00000001     UNINITIALIZED
                  00000d01    00000001     F2802x_GlobalVariableDefs.obj (EmuBModeVar)

FlashCallbackVar 
*          1    00000d02    00000002     UNINITIALIZED
                  00000d02    00000002     F2802x_GlobalVariableDefs.obj (FlashCallbackVar)

FlashScalingVar 
*          1    00000d04    00000002     UNINITIALIZED
                  00000d04    00000002     F2802x_GlobalVariableDefs.obj (FlashScalingVar)

Comp1RegsFile 
*          1    00006400    00000020     UNINITIALIZED
                  00006400    00000020     F2802x_GlobalVariableDefs.obj (Comp1RegsFile)

Comp2RegsFile 
*          1    00006420    00000020     UNINITIALIZED
                  00006420    00000020     F2802x_GlobalVariableDefs.obj (Comp2RegsFile)

EPwm1RegsFile 
*          1    00006800    00000040     UNINITIALIZED
                  00006800    00000040     F2802x_GlobalVariableDefs.obj (EPwm1RegsFile)

EPwm2RegsFile 
*          1    00006840    00000040     UNINITIALIZED
                  00006840    00000040     F2802x_GlobalVariableDefs.obj (EPwm2RegsFile)

EPwm3RegsFile 
*          1    00006880    00000040     UNINITIALIZED
                  00006880    00000040     F2802x_GlobalVariableDefs.obj (EPwm3RegsFile)

EPwm4RegsFile 
*          1    000068c0    00000040     UNINITIALIZED
                  000068c0    00000040     F2802x_GlobalVariableDefs.obj (EPwm4RegsFile)

ECap1RegsFile 
*          1    00006a00    00000020     UNINITIALIZED
                  00006a00    00000020     F2802x_GlobalVariableDefs.obj (ECap1RegsFile)

GpioCtrlRegsFile 
*          1    00006f80    00000040     UNINITIALIZED
                  00006f80    00000040     F2802x_GlobalVariableDefs.obj (GpioCtrlRegsFile)

GpioDataRegsFile 
*          1    00006fc0    00000020     UNINITIALIZED
                  00006fc0    00000020     F2802x_GlobalVariableDefs.obj (GpioDataRegsFile)

GpioIntRegsFile 
*          1    00006fe0    0000000a     UNINITIALIZED
                  00006fe0    0000000a     F2802x_GlobalVariableDefs.obj (GpioIntRegsFile)

SysCtrlRegsFile 
*          1    00007010    0000001f     UNINITIALIZED
                  00007010    0000001f     F2802x_GlobalVariableDefs.obj (SysCtrlRegsFile)

SpiaRegsFile 
*          1    00007040    00000010     UNINITIALIZED
                  00007040    00000010     F2802x_GlobalVariableDefs.obj (SpiaRegsFile)

SciaRegsFile 
*          1    00007050    00000010     UNINITIALIZED
                  00007050    00000010     F2802x_GlobalVariableDefs.obj (SciaRegsFile)

NmiIntruptRegsFile 
*          1    00007060    00000010     UNINITIALIZED
                  00007060    00000010     F2802x_GlobalVariableDefs.obj (NmiIntruptRegsFile)

XIntruptRegsFile 
*          1    00007070    00000010     UNINITIALIZED
                  00007070    00000010     F2802x_GlobalVariableDefs.obj (XIntruptRegsFile)

AdcRegsFile 
*          1    00007100    00000051     UNINITIALIZED
                  00007100    00000051     F2802x_GlobalVariableDefs.obj (AdcRegsFile)

I2caRegsFile 
*          1    00007900    00000022     UNINITIALIZED
                  00007900    00000022     F2802x_GlobalVariableDefs.obj (I2caRegsFile)

PartIdRegsFile 
*          1    003d7fff    00000001     UNINITIALIZED
                  003d7fff    00000001     F2802x_GlobalVariableDefs.obj (PartIdRegsFile)

CsmPwlFile 
*          1    003f7ff8    00000008     UNINITIALIZED
                  003f7ff8    00000008     F2802x_GlobalVariableDefs.obj (CsmPwlFile)

.pinit     0    003f7000    00000000     UNINITIALIZED

.stack     1    00000400    00000300     UNINITIALIZED
                  00000400    00000300     --HOLE--

.esysmem   1    00008000    00000400     UNINITIALIZED
                  00008000    00000004     rts2800_ml.lib : memory.c.obj (.esysmem)
                  00008004    000003fc     --HOLE--

.reset     0    003fffc0    00000002     DSECT
                  003fffc0    00000002     rts2800_ml.lib : boot28.asm.obj (.reset)

vectors    0    003fffc2    00000000     DSECT

.text      0    003f7004    00000bbe     
                  003f7004    0000040d     main.obj (.text)
                  003f7411    00000289     rts2800_ml.lib : memory.c.obj (.text)
                  003f769a    00000138     f2802x_sysctrl.obj (.text)
                  003f77d2    000000ff     f2802x_defaultisr.obj (.text:retain)
                  003f78d1    000000ee     sci_comm.obj (.text)
                  003f79bf    0000005a     rts2800_ml.lib : fs_mpy28.asm.obj (.text)
                  003f7a19    00000054                    : boot28.asm.obj (.text)
                  003f7a6d    00000048     main.obj (.text:retain)
                  003f7ab5    00000029     rts2800_ml.lib : exit.c.obj (.text)
                  003f7ade    00000029                    : fs_tol28.asm.obj (.text)
                  003f7b07    00000028     f2802x_piectrl.obj (.text)
                  003f7b2f    00000026     f2802x_pievect.obj (.text)
                  003f7b55    00000024     rts2800_ml.lib : cpy_tbl.c.obj (.text)
                  003f7b79    0000001d                    : memcpy.c.obj (.text)
                  003f7b96    00000011                    : args_main.c.obj (.text)
                  003f7ba7    00000009                    : _lock.c.obj (.text)
                  003f7bb0    00000008     f2802x_codestartbranch.obj (.text)
                  003f7bb8    00000007     rts2800_ml.lib : memset.c.obj (.text)
                  003f7bbf    00000002                    : pre_init.c.obj (.text)
                  003f7bc1    00000001                    : startup.c.obj (.text)

.ebss      1    00000700    0000002c     UNINITIALIZED
                  00000700    00000018     f2802x_cputimers.obj (.ebss)
                  00000718    00000006     main.obj (.ebss)
                  0000071e    00000006     rts2800_ml.lib : exit.c.obj (.ebss)
                  00000724    00000004                    : memory.c.obj (.ebss)
                  00000728    00000002                    : _lock.c.obj (.ebss:__lock)
                  0000072a    00000002                    : _lock.c.obj (.ebss:__unlock)

MODULE SUMMARY

       Module                          code   initialized data   uninitialized data
       ------                          ----   ----------------   ------------------
    .\
       main.obj                        1109   249                6                 
       F2802x_GlobalVariableDefs.obj   0      0                  1052              
       f2802x_sysctrl.obj              312    0                  0                 
       f2802x_pievect.obj              38     256                0                 
       f2802x_defaultisr.obj           255    0                  0                 
       sci_comm.obj                    238    3                  0                 
       f2802x_piectrl.obj              40     0                  0                 
       f2802x_cputimers.obj            0      0                  24                
       f2802x_codestartbranch.obj      10     0                  0                 
       f2802x_usdelay.obj              8      0                  0                 
    +--+-------------------------------+------+------------------+--------------------+
       Total:                          2010   508                1082              
                                                                                   
    D:\ti\ccs\tools\compiler\ti-cgt-c2000_22.6.1.LTS\lib\rts2800_ml.lib
       memory.c.obj                    649    4                  4                 
       fs_mpy28.asm.obj                90     0                  0                 
       boot28.asm.obj                  84     0                  0                 
       exit.c.obj                      41     14                 6                 
       fs_tol28.asm.obj                41     0                  0                 
       cpy_tbl.c.obj                   36     0                  0                 
       memcpy.c.obj                    29     0                  0                 
       _lock.c.obj                     9      10                 4                 
       args_main.c.obj                 17     0                  0                 
       memset.c.obj                    7      0                  0                 
       pre_init.c.obj                  2      0                  0                 
       startup.c.obj                   1      0                  0                 
    +--+-------------------------------+------+------------------+--------------------+
       Total:                          1006   28                 14                
                                                                                   
       Heap:                           0      0                  1024              
       Stack:                          0      0                  768               
    +--+-------------------------------+------+------------------+--------------------+
       Grand Total:                    3016   536                2888              


GLOBAL DATA SYMBOLS: SORTED BY DATA PAGE

address     data page           name
--------    ----------------    ----
00000400      10 (00000400)     __stack

00000700      1c (00000700)     _CpuTimer0
00000708      1c (00000700)     _CpuTimer1
00000710      1c (00000700)     _CpuTimer2
00000718      1c (00000700)     _temp
00000719      1c (00000700)     _count
0000071a      1c (00000700)     _log
0000071c      1c (00000700)     _input_buff
0000071e      1c (00000700)     ___TI_enable_exit_profile_output
00000720      1c (00000700)     ___TI_cleanup_ptr
00000722      1c (00000700)     ___TI_dtors_ptr
00000728      1c (00000700)     __lock
0000072a      1c (00000700)     __unlock

00000880      22 (00000880)     _DevEmuRegs

00000985      26 (00000980)     _SysPwrCtrlRegs

00000a80      2a (00000a80)     _FlashRegs

00000ae0      2b (00000ac0)     _CsmRegs

00000b00      2c (00000b00)     _AdcResult

00000c00      30 (00000c00)     _CpuTimer0Regs
00000c08      30 (00000c00)     _CpuTimer1Regs
00000c10      30 (00000c00)     _CpuTimer2Regs

00000ce0      33 (00000cc0)     _PieCtrlRegs

00000d00      34 (00000d00)     _EmuKey
00000d00      34 (00000d00)     _PieVectTable
00000d01      34 (00000d00)     _EmuBMode
00000d02      34 (00000d00)     _Flash_CallbackPtr
00000d04      34 (00000d00)     _Flash_CPUScaleFactor

00006400     190 (00006400)     _Comp1Regs
00006420     190 (00006400)     _Comp2Regs

00006800     1a0 (00006800)     _EPwm1Regs

00006840     1a1 (00006840)     _EPwm2Regs

00006880     1a2 (00006880)     _EPwm3Regs

000068c0     1a3 (000068c0)     _EPwm4Regs

00006a00     1a8 (00006a00)     _ECap1Regs

00006f80     1be (00006f80)     _GpioCtrlRegs

00006fc0     1bf (00006fc0)     _GpioDataRegs
00006fe0     1bf (00006fc0)     _GpioIntRegs

00007010     1c0 (00007000)     _SysCtrlRegs

00007040     1c1 (00007040)     _SpiaRegs
00007050     1c1 (00007040)     _SciaRegs
00007060     1c1 (00007040)     _NmiIntruptRegs
00007070     1c1 (00007040)     _XIntruptRegs

00007100     1c4 (00007100)     _AdcRegs

00007900     1e4 (00007900)     _I2caRegs

00008000     200 (00008000)     __sys_memory

003d7fff    f5ff (003d7fc0)     _PartIdRegs

003f7bc2    fdef (003f7bc0)     _PieVectTableInit

003f7ff8    fdff (003f7fc0)     _CsmPwl


GLOBAL SYMBOLS: SORTED ALPHABETICALLY BY Name 

page  address   name                            
----  -------   ----                            
abs   ffffffff  .text                           
0     003f7ab5  C$$EXIT                         
0     003f79bf  FS$$MPY                         
0     003f7ade  FS$$TOL                         
0     003f7831  _ADCINT1_ISR                    
0     003f7836  _ADCINT2_ISR                    
0     003f789f  _ADCINT3_ISR                    
0     003f78a4  _ADCINT4_ISR                    
0     003f78a9  _ADCINT5_ISR                    
0     003f78ae  _ADCINT6_ISR                    
0     003f78b3  _ADCINT7_ISR                    
0     003f78b8  _ADCINT8_ISR                    
0     003f7845  _ADCINT9_ISR                    
1     00007100  _AdcRegs                        
1     00000b00  _AdcResult                      
1     00006400  _Comp1Regs                      
1     00006420  _Comp2Regs                      
1     00000700  _CpuTimer0                      
1     00000c00  _CpuTimer0Regs                  
1     00000708  _CpuTimer1                      
1     00000c08  _CpuTimer1Regs                  
1     00000710  _CpuTimer2                      
1     00000c10  _CpuTimer2Regs                  
1     003f7ff8  _CsmPwl                         
1     00000ae0  _CsmRegs                        
0     003f774c  _CsmUnlock                      
0     003f77dc  _DATALOG_ISR                    
0     00000050  _DSP28x_usDelay                 
1     00000880  _DevEmuRegs                     
0     003f76be  _DisableDog                     
0     003f787c  _ECAP1_INT_ISR                  
1     00006a00  _ECap1Regs                      
0     003f78c2  _EMPTY_ISR                      
0     003f77e6  _EMUINT_ISR                     
0     003f7868  _EPWM1_INT_ISR                  
0     003f7854  _EPWM1_TZINT_ISR                
0     003f786d  _EPWM2_INT_ISR                  
0     003f7859  _EPWM2_TZINT_ISR                
0     003f7872  _EPWM3_INT_ISR                  
0     003f785e  _EPWM3_TZINT_ISR                
0     003f7877  _EPWM4_INT_ISR                  
0     003f7863  _EPWM4_TZINT_ISR                
1     00006800  _EPwm1Regs                      
1     00006840  _EPwm2Regs                      
1     00006880  _EPwm3Regs                      
1     000068c0  _EPwm4Regs                      
1     00000d01  _EmuBMode                       
1     00000d00  _EmuKey                         
0     003f7b26  _EnableInterrupts               
0     003f77bc  _ExtOscSel                      
1     00000a80  _FlashRegs                      
1     00000d04  _Flash_CPUScaleFactor           
1     00000d02  _Flash_CallbackPtr              
1     00006f80  _GpioCtrlRegs                   
1     00006fc0  _GpioDataRegs                   
1     00006fe0  _GpioIntRegs                    
0     003f788b  _I2CINT1A_ISR                   
0     003f7890  _I2CINT2A_ISR                   
1     00007900  _I2caRegs                       
0     003f77f0  _ILLEGAL_ISR                    
0     003f77d2  _INT13_ISR                      
0     003f77d7  _INT14_ISR                      
0     003f771a  _InitPeripheralClocks           
0     003f7b07  _InitPieCtrl                    
0     003f7b2f  _InitPieVectTable               
0     003f76c6  _InitPll                        
0     003f769a  _InitSysCtrl                    
0     003f777d  _IntOsc1Sel                     
0     003f778d  _IntOsc2Sel                     
0     003f77eb  _NMI_ISR                        
1     00007060  _NmiIntruptRegs                 
0     003f78c7  _PIE_RESERVED                   
1     003d7fff  _PartIdRegs                     
1     00000ce0  _PieCtrlRegs                    
1     00000d00  _PieVectTable                   
0     003f7bc2  _PieVectTableInit               
0     003f77e1  _RTOSINT_ISR                    
abs   00000004  _RamfuncsLoadSize               
0     003f7000  _RamfuncsLoadStart              
0     00000050  _RamfuncsRunStart               
0     003f7895  _SCIRXINTA_ISR                  
0     003f789a  _SCITXINTA_ISR                  
0     003f7881  _SPIRXINTA_ISR                  
0     003f7886  _SPITXINTA_ISR                  
1     00007050  _SciaRegs                       
0     003f76b4  _ServiceDog                     
1     00007040  _SpiaRegs                       
1     00007010  _SysCtrlRegs                    
1     00000985  _SysPwrCtrlRegs                 
0     003f784a  _TINT0_ISR                      
0     003f7822  _USER10_ISR                     
0     003f7827  _USER11_ISR                     
0     003f782c  _USER12_ISR                     
0     003f77f5  _USER1_ISR                      
0     003f77fa  _USER2_ISR                      
0     003f77ff  _USER3_ISR                      
0     003f7804  _USER4_ISR                      
0     003f7809  _USER5_ISR                      
0     003f780e  _USER6_ISR                      
0     003f7813  _USER7_ISR                      
0     003f7818  _USER8_ISR                      
0     003f781d  _USER9_ISR                      
0     003f784f  _WAKEINT_ISR                    
0     003f783b  _XINT1_ISR                      
0     003f7840  _XINT2_ISR                      
0     003f78bd  _XINT3_ISR                      
1     00007070  _XIntruptRegs                   
0     003f77a1  _XtalOscSel                     
1     00000700  __STACK_END                     
abs   00000300  __STACK_SIZE                    
abs   00000400  __SYSMEM_SIZE                   
1     00000720  ___TI_cleanup_ptr               
1     00000722  ___TI_dtors_ptr                 
1     0000071e  ___TI_enable_exit_profile_output
0     003f7698  ___TI_heap_check                
0     003f767b  ___TI_heap_largest_available    
0     003f765e  ___TI_heap_total_available      
abs   ffffffff  ___TI_pprof_out_hndl            
abs   ffffffff  ___TI_prof_data_size            
abs   ffffffff  ___TI_prof_data_start           
abs   ffffffff  ___binit__                      
abs   ffffffff  ___c_args__                     
0     003f7dbf  ___cinit__                      
abs   ffffffff  ___etext__                      
abs   ffffffff  ___pinit__                      
abs   ffffffff  ___text__                       
0     003f7b96  __args_main                     
1     00000728  __lock                          
0     003f7baf  __nop                           
0     003f7bab  __register_lock                 
0     003f7ba7  __register_unlock               
1     00000400  __stack                         
1     00008000  __sys_memory                    
0     003f7bc1  __system_post_cinit             
0     003f7bbf  __system_pre_init               
1     0000072a  __unlock                        
0     003f7ab5  _abort                          
0     003f75b8  _aligned_alloc                  
0     003f7a19  _c_int00                        
0     003f758b  _calloc                         
0     003f7b55  _copy_in                        
1     00000719  _count                          
0     003f7ab7  _exit                           
0     003f743c  _free                           
0     003f73a0  _gpio_init                      
0     003f7984  _hex_print                      
0     003f78d1  _init_buff                      
1     0000071c  _input_buff                     
1     0000071a  _log                            
0     003f7004  _main                           
0     003f7411  _malloc                         
0     003f75b8  _memalign                       
0     003f7b79  _memcpy                         
0     003f7bb8  _memset                         
0     003f7587  _minit                          
0     003f796e  _print                          
0     003f73e8  _rc522_send_cmd                 
0     003f78ec  _read_buff                      
0     003f7504  _realloc                        
0     003f78cc  _rsvd_ISR                       
0     003f7380  _sci_init                       
0     003f7a93  _scia_rx_isr                    
0     003f7a6d  _scia_tx_isr                    
0     003f7367  _spi_init                       
0     003f73d6  _spi_txrx                       
1     00000718  _temp                           
0     003f7924  _write_buff                     
abs   ffffffff  binit                           
0     003f7dbf  cinit                           
0     003f7ff6  code_start                      
abs   ffffffff  etext                           
abs   ffffffff  pinit                           


GLOBAL SYMBOLS: SORTED BY Symbol Address 

page  address   name                            
----  -------   ----                            
0     00000050  _DSP28x_usDelay                 
0     00000050  _RamfuncsRunStart               
0     003f7000  _RamfuncsLoadStart              
0     003f7004  _main                           
0     003f7367  _spi_init                       
0     003f7380  _sci_init                       
0     003f73a0  _gpio_init                      
0     003f73d6  _spi_txrx                       
0     003f73e8  _rc522_send_cmd                 
0     003f7411  _malloc                         
0     003f743c  _free                           
0     003f7504  _realloc                        
0     003f7587  _minit                          
0     003f758b  _calloc                         
0     003f75b8  _aligned_alloc                  
0     003f75b8  _memalign                       
0     003f765e  ___TI_heap_total_available      
0     003f767b  ___TI_heap_largest_available    
0     003f7698  ___TI_heap_check                
0     003f769a  _InitSysCtrl                    
0     003f76b4  _ServiceDog                     
0     003f76be  _DisableDog                     
0     003f76c6  _InitPll                        
0     003f771a  _InitPeripheralClocks           
0     003f774c  _CsmUnlock                      
0     003f777d  _IntOsc1Sel                     
0     003f778d  _IntOsc2Sel                     
0     003f77a1  _XtalOscSel                     
0     003f77bc  _ExtOscSel                      
0     003f77d2  _INT13_ISR                      
0     003f77d7  _INT14_ISR                      
0     003f77dc  _DATALOG_ISR                    
0     003f77e1  _RTOSINT_ISR                    
0     003f77e6  _EMUINT_ISR                     
0     003f77eb  _NMI_ISR                        
0     003f77f0  _ILLEGAL_ISR                    
0     003f77f5  _USER1_ISR                      
0     003f77fa  _USER2_ISR                      
0     003f77ff  _USER3_ISR                      
0     003f7804  _USER4_ISR                      
0     003f7809  _USER5_ISR                      
0     003f780e  _USER6_ISR                      
0     003f7813  _USER7_ISR                      
0     003f7818  _USER8_ISR                      
0     003f781d  _USER9_ISR                      
0     003f7822  _USER10_ISR                     
0     003f7827  _USER11_ISR                     
0     003f782c  _USER12_ISR                     
0     003f7831  _ADCINT1_ISR                    
0     003f7836  _ADCINT2_ISR                    
0     003f783b  _XINT1_ISR                      
0     003f7840  _XINT2_ISR                      
0     003f7845  _ADCINT9_ISR                    
0     003f784a  _TINT0_ISR                      
0     003f784f  _WAKEINT_ISR                    
0     003f7854  _EPWM1_TZINT_ISR                
0     003f7859  _EPWM2_TZINT_ISR                
0     003f785e  _EPWM3_TZINT_ISR                
0     003f7863  _EPWM4_TZINT_ISR                
0     003f7868  _EPWM1_INT_ISR                  
0     003f786d  _EPWM2_INT_ISR                  
0     003f7872  _EPWM3_INT_ISR                  
0     003f7877  _EPWM4_INT_ISR                  
0     003f787c  _ECAP1_INT_ISR                  
0     003f7881  _SPIRXINTA_ISR                  
0     003f7886  _SPITXINTA_ISR                  
0     003f788b  _I2CINT1A_ISR                   
0     003f7890  _I2CINT2A_ISR                   
0     003f7895  _SCIRXINTA_ISR                  
0     003f789a  _SCITXINTA_ISR                  
0     003f789f  _ADCINT3_ISR                    
0     003f78a4  _ADCINT4_ISR                    
0     003f78a9  _ADCINT5_ISR                    
0     003f78ae  _ADCINT6_ISR                    
0     003f78b3  _ADCINT7_ISR                    
0     003f78b8  _ADCINT8_ISR                    
0     003f78bd  _XINT3_ISR                      
0     003f78c2  _EMPTY_ISR                      
0     003f78c7  _PIE_RESERVED                   
0     003f78cc  _rsvd_ISR                       
0     003f78d1  _init_buff                      
0     003f78ec  _read_buff                      
0     003f7924  _write_buff                     
0     003f796e  _print                          
0     003f7984  _hex_print                      
0     003f79bf  FS$$MPY                         
0     003f7a19  _c_int00                        
0     003f7a6d  _scia_tx_isr                    
0     003f7a93  _scia_rx_isr                    
0     003f7ab5  C$$EXIT                         
0     003f7ab5  _abort                          
0     003f7ab7  _exit                           
0     003f7ade  FS$$TOL                         
0     003f7b07  _InitPieCtrl                    
0     003f7b26  _EnableInterrupts               
0     003f7b2f  _InitPieVectTable               
0     003f7b55  _copy_in                        
0     003f7b79  _memcpy                         
0     003f7b96  __args_main                     
0     003f7ba7  __register_unlock               
0     003f7bab  __register_lock                 
0     003f7baf  __nop                           
0     003f7bb8  _memset                         
0     003f7bbf  __system_pre_init               
0     003f7bc1  __system_post_cinit             
0     003f7bc2  _PieVectTableInit               
0     003f7dbf  ___cinit__                      
0     003f7dbf  cinit                           
0     003f7ff6  code_start                      
1     00000400  __stack                         
1     00000700  _CpuTimer0                      
1     00000700  __STACK_END                     
1     00000708  _CpuTimer1                      
1     00000710  _CpuTimer2                      
1     00000718  _temp                           
1     00000719  _count                          
1     0000071a  _log                            
1     0000071c  _input_buff                     
1     0000071e  ___TI_enable_exit_profile_output
1     00000720  ___TI_cleanup_ptr               
1     00000722  ___TI_dtors_ptr                 
1     00000728  __lock                          
1     0000072a  __unlock                        
1     00000880  _DevEmuRegs                     
1     00000985  _SysPwrCtrlRegs                 
1     00000a80  _FlashRegs                      
1     00000ae0  _CsmRegs                        
1     00000b00  _AdcResult                      
1     00000c00  _CpuTimer0Regs                  
1     00000c08  _CpuTimer1Regs                  
1     00000c10  _CpuTimer2Regs                  
1     00000ce0  _PieCtrlRegs                    
1     00000d00  _EmuKey                         
1     00000d00  _PieVectTable                   
1     00000d01  _EmuBMode                       
1     00000d02  _Flash_CallbackPtr              
1     00000d04  _Flash_CPUScaleFactor           
1     00006400  _Comp1Regs                      
1     00006420  _Comp2Regs                      
1     00006800  _EPwm1Regs                      
1     00006840  _EPwm2Regs                      
1     00006880  _EPwm3Regs                      
1     000068c0  _EPwm4Regs                      
1     00006a00  _ECap1Regs                      
1     00006f80  _GpioCtrlRegs                   
1     00006fc0  _GpioDataRegs                   
1     00006fe0  _GpioIntRegs                    
1     00007010  _SysCtrlRegs                    
1     00007040  _SpiaRegs                       
1     00007050  _SciaRegs                       
1     00007060  _NmiIntruptRegs                 
1     00007070  _XIntruptRegs                   
1     00007100  _AdcRegs                        
1     00007900  _I2caRegs                       
1     00008000  __sys_memory                    
1     003d7fff  _PartIdRegs                     
1     003f7ff8  _CsmPwl                         
abs   00000004  _RamfuncsLoadSize               
abs   00000300  __STACK_SIZE                    
abs   00000400  __SYSMEM_SIZE                   
abs   ffffffff  .text                           
abs   ffffffff  ___TI_pprof_out_hndl            
abs   ffffffff  ___TI_prof_data_size            
abs   ffffffff  ___TI_prof_data_start           
abs   ffffffff  ___binit__                      
abs   ffffffff  ___c_args__                     
abs   ffffffff  ___etext__                      
abs   ffffffff  ___pinit__                      
abs   ffffffff  ___text__                       
abs   ffffffff  binit                           
abs   ffffffff  etext                           
abs   ffffffff  pinit                           

[172 symbols]
